
===========================================================================
report_checks -unconstrained
============================================================================
Startpoint: rst (input port clocked by clkin)
Endpoint: _36_ (rising edge-triggered flip-flop)
Path Group: (none)
Path Type: max

Fanout     Cap    Slew   Delay    Time   Description
-----------------------------------------------------------------------------
                          2.00    2.00 v input external delay
                  0.01    0.00    2.00 v rst (in)
     1    0.00                           rst (net)
                  0.01    0.00    2.00 v input2/A (sky130_fd_sc_hd__clkbuf_2)
                  0.08    0.14    2.14 v input2/X (sky130_fd_sc_hd__clkbuf_2)
     7    0.02                           net2 (net)
                  0.08    0.00    2.14 v _23_/B1_N (sky130_fd_sc_hd__o21ba_1)
                  0.04    0.22    2.36 ^ _23_/X (sky130_fd_sc_hd__o21ba_1)
     1    0.00                           _11_ (net)
                  0.04    0.00    2.36 ^ _24_/B1_N (sky130_fd_sc_hd__a21boi_1)
                  0.09    0.14    2.50 ^ _24_/Y (sky130_fd_sc_hd__a21boi_1)
     1    0.00                           _02_ (net)
                  0.09    0.00    2.50 ^ _36_/D (sky130_fd_sc_hd__dfxtp_1)
                                  2.50   data arrival time
-----------------------------------------------------------------------------
(Path is unconstrained)



===========================================================================
report_checks --slack_max -0.01
============================================================================
No paths found.
